C51 COMPILER V9.60.0.0   MAIN                                                              04/27/2023 23:43:08 PAGE 1   


C51 COMPILER V9.60.0.0, COMPILATION OF MODULE MAIN
OBJECT MODULE PLACED IN .\Objects\main.obj
COMPILER INVOKED BY: C:\Keil_v5\C51\BIN\C51.EXE main.c OPTIMIZE(8,SPEED) BROWSE DEBUG OBJECTEXTEND PRINT(.\Listings\main
                    -.lst) TABS(2) OBJECT(.\Objects\main.obj)

line level    source

   1          #if 0
              #include <REGX51.H>
              #include <intrins.h> 
              //unsigned char code byTemp[3]  at 0x23; 
              
              void Delay1s(void)
              {
                unsigned char a,b,c;
                for(c=23;c>0;c--)
                for(b=71;b>0;b--)
                for(a=60;a>0;a--);
                _nop_(); //ifKeil,requireuseintrins.h
              }
              void main(void)
              { 
                unsigned char data byLedValue= 0xfe ; 
                for(;;)
                {
                  P1 = byLedValue ; 
                  Delay1s(); 
                  byLedValue = byLedValue << 1;
                  byLedValue++;
                }
              }
              #endif
  26          
  27          #if 1
  28          
  29          #include<reg51.h>
  30          unsigned char code byTemp[3]_at_ 0x23;
  31          void main(void)
  32          {
  33   1        unsigned char data byValue;
  34   1        while(1)
  35   1        {
  36   2          P0=0xff;
  37   2          byValue = P0;
  38   2          P1= byValue;
  39   2        }
  40   1      }
  41          
  42          #endif


MODULE INFORMATION:   STATIC OVERLAYABLE
   CODE SIZE        =      9    ----
   CONSTANT SIZE    =   ----    ----
   XDATA SIZE       =   ----    ----
   PDATA SIZE       =   ----    ----
   DATA SIZE        =   ----    ----
   IDATA SIZE       =   ----    ----
   BIT SIZE         =   ----    ----
END OF MODULE INFORMATION.


C51 COMPILATION COMPLETE.  0 WARNING(S),  0 ERROR(S)
